// Jest Snapshot v1, https://goo.gl/fbAQLP

exports[`test CategorySelect component should render the component to match the snapshot 1`] = `
<div
  className="category-select-component"
>
  <div
    className="row"
  >
    <div
      className="category-item col-3 active"
      key="0"
      onClick={[Function]}
    >
      <Ionicon
        beat={false}
        className="rounded-circle"
        color="#555"
        fontSize="50px"
        icon="ios-plane"
        rotate={false}
        shake={false}
        style={Object {}}
      />
    </div>
    <div
      className="category-item col-3"
      key="1"
      onClick={[Function]}
    >
      <Ionicon
        beat={false}
        className="rounded-circle"
        color="#555"
        fontSize="50px"
        icon="logo-yen"
        rotate={false}
        shake={false}
        style={Object {}}
      />
    </div>
    <div
      className="category-item col-3"
      key="2"
      onClick={[Function]}
    >
      <Ionicon
        beat={false}
        className="rounded-circle"
        color="#555"
        fontSize="50px"
        icon="logo-yen"
        rotate={false}
        shake={false}
        style={Object {}}
      />
    </div>
  </div>
</div>
`;
