// Jest Snapshot v1, https://goo.gl/fbAQLP

exports[`test MonthPicker component should render the component to match the snapshot 1`] = `
<MonthPicker
  month={5}
  onChange={[MockFunction]}
  year={2020}
>
  <div
    className="dropdown month-picker-component"
  >
    <p>
      选择月份
    </p>
    <button
      className="btn btn-lg btn-secondary dropdown-toggle"
      onClick={[Function]}
    >
      2020年 05月
    </button>
  </div>
</MonthPicker>
`;
