// Jest Snapshot v1, https://goo.gl/fbAQLP

exports[`test PriceList component should render the component to match snapshot 1`] = `
<ul
  className="list-group list-group-flush"
>
  <li
    className="list-group-item d-flex justify-content-between align-items-center"
    key="1"
  >
    <span
      className="col-1 badge badge-primary"
    >
      <Ionicon
        beat={false}
        className="rounded-circle"
        color="#fff"
        fontSize="30px"
        icon="ios-plane"
        rotate={false}
        shake={false}
        style={
          Object {
            "backgroundColor": "#347eff",
            "padding": "5px",
          }
        }
      />
    </span>
    <span
      className="col-5"
    >
      旅游
    </span>
    <span
      className="col-2 font-weight-bold"
    >
      -
      200
      元
    </span>
    <span
      className="col-2"
    >
      2020-05-05
    </span>
    <a
      className="col-1"
      onClick={[Function]}
      role="button"
    >
      <Ionicon
        beat={false}
        className="rounded-circle"
        color="#fff"
        fontSize="30px"
        icon="ios-create-outline"
        rotate={false}
        shake={false}
        style={
          Object {
            "backgroundColor": "#28a745",
            "padding": "5px",
          }
        }
      />
    </a>
    <a
      className="col-1"
      onClick={[Function]}
      role="button"
    >
      <Ionicon
        beat={false}
        className="rounded-circle"
        color="#fff"
        fontSize="30px"
        icon="ios-close"
        rotate={false}
        shake={false}
        style={
          Object {
            "backgroundColor": "#dc3545",
            "padding": "5px",
          }
        }
      />
    </a>
  </li>
  <li
    className="list-group-item d-flex justify-content-between align-items-center"
    key="2"
  >
    <span
      className="col-1 badge badge-primary"
    >
      <Ionicon
        beat={false}
        className="rounded-circle"
        color="#fff"
        fontSize="30px"
        icon="logo-yen"
        rotate={false}
        shake={false}
        style={
          Object {
            "backgroundColor": "#347eff",
            "padding": "5px",
          }
        }
      />
    </span>
    <span
      className="col-5"
    >
      理财
    </span>
    <span
      className="col-2 font-weight-bold"
    >
      +
      400
      元
    </span>
    <span
      className="col-2"
    >
      2020-06-05
    </span>
    <a
      className="col-1"
      onClick={[Function]}
      role="button"
    >
      <Ionicon
        beat={false}
        className="rounded-circle"
        color="#fff"
        fontSize="30px"
        icon="ios-create-outline"
        rotate={false}
        shake={false}
        style={
          Object {
            "backgroundColor": "#28a745",
            "padding": "5px",
          }
        }
      />
    </a>
    <a
      className="col-1"
      onClick={[Function]}
      role="button"
    >
      <Ionicon
        beat={false}
        className="rounded-circle"
        color="#fff"
        fontSize="30px"
        icon="ios-close"
        rotate={false}
        shake={false}
        style={
          Object {
            "backgroundColor": "#dc3545",
            "padding": "5px",
          }
        }
      />
    </a>
  </li>
</ul>
`;
