// Jest Snapshot v1, https://goo.gl/fbAQLP

exports[`test Tabs and Tab Component should render the component to match the snapshot 1`] = `
<ul
  className="nav nav-tabs nav-fill my-4"
>
  <li
    className="nav-item"
    key=".0"
  >
    <a
      className="nav-link active"
      href="#"
      onClick={[Function]}
    >
      <Tab>
        1
      </Tab>
    </a>
  </li>
  <li
    className="nav-item"
    key=".1"
  >
    <a
      className="nav-link"
      href="#"
      onClick={[Function]}
    >
      <Tab>
        2
      </Tab>
    </a>
  </li>
</ul>
`;
